<?xml version="1.0" encoding="UTF-8"?>
<testsuites name="jest tests" tests="1" failures="0" errors="0" time="1.985">
  <testsuite name="plotly-extension" errors="0" failures="0" skipped="0" timestamp="2023-06-28T13:40:10" time="1.542" tests="1">
    <testcase classname="plotly-extension should be tested" name="plotly-extension should be tested" time="0.002">
    </testcase>
  </testsuite>
</testsuites>